

================================================================
== Vitis HLS Report for 'myproject'
================================================================
* Date:           Tue May 26 00:10:56 2026

* Version:        2025.2 (Build 6295257 on Nov 12 2025)
* Project:        myproject_prj
* Solution:       solution1 (Vivado IP Flow Target)
* Product family: artix7
* Target device:  xc7a35t-cpg236-1


================================================================
== Performance Estimates
================================================================
+ Timing: 
    * Summary: 
    +--------+----------+-----------+------------+
    |  Clock |  Target  | Estimated | Uncertainty|
    +--------+----------+-----------+------------+
    |ap_clk  |  10.00 ns|  10.253 ns|     2.70 ns|
    +--------+----------+-----------+------------+

+ Latency: 
    * Summary: 
    +---------+---------+-----------+-----------+------+------+---------+
    |  Latency (cycles) |   Latency (absolute)  |   Interval  | Pipeline|
    |   min   |   max   |    min    |    max    |  min |  max |   Type  |
    +---------+---------+-----------+-----------+------+------+---------+
    |     1757|     1759|  18.015 us|  18.036 us|  1758|  1760|       no|
    +---------+---------+-----------+-----------+------+------+---------+

    + Detail: 
        * Instance: 
        +----------------------------------------------------------------------------------+-----------------------------------------------------------------------+---------+---------+-----------+-----------+-----+-----+-------------------------------------------+
        |                                                                                  |                                                                       |  Latency (cycles) |   Latency (absolute)  |  Interval |                  Pipeline                 |
        |                                     Instance                                     |                                 Module                                |   min   |   max   |    min    |    max    | min | max |                    Type                   |
        +----------------------------------------------------------------------------------+-----------------------------------------------------------------------+---------+---------+-----------+-----------+-----+-----+-------------------------------------------+
        |grp_dense_resource_rf_gt_nin_rem0_ap_fixed_ap_fixed_24_10_5_3_0_config2_s_fu_142  |dense_resource_rf_gt_nin_rem0_ap_fixed_ap_fixed_24_10_5_3_0_config2_s  |      304|      304|   3.117 us|   3.117 us|  304|  304|                                         no|
        |grp_myproject_Pipeline_VITIS_LOOP_46_1_fu_153                                     |myproject_Pipeline_VITIS_LOOP_46_1                                     |      131|      131|   1.310 us|   1.310 us|    0|    0|                          loop pipeline stp|
        |grp_dense_resource_rf_gt_nin_rem0_ap_fixed_ap_fixed_24_10_5_3_0_config4_s_fu_159  |dense_resource_rf_gt_nin_rem0_ap_fixed_ap_fixed_24_10_5_3_0_config4_s  |      584|      584|   5.912 us|   5.912 us|  584|  584|                                         no|
        |grp_myproject_Pipeline_VITIS_LOOP_46_11_fu_169                                    |myproject_Pipeline_VITIS_LOOP_46_11                                    |       67|       67|   0.670 us|   0.670 us|    0|    0|                          loop pipeline stp|
        |grp_dense_resource_rf_gt_nin_rem0_ap_fixed_ap_fixed_24_10_5_3_0_config6_s_fu_175  |dense_resource_rf_gt_nin_rem0_ap_fixed_ap_fixed_24_10_5_3_0_config6_s  |      551|      551|   5.650 us|   5.650 us|  551|  551|                                         no|
        |grp_myproject_Pipeline_VITIS_LOOP_46_12_fu_185                                    |myproject_Pipeline_VITIS_LOOP_46_12                                    |       35|       35|   0.350 us|   0.350 us|    0|    0|                          loop pipeline stp|
        |grp_dense_resource_rf_leq_nin_ap_fixed_ap_fixed_38_20_5_3_0_config8_s_fu_191      |dense_resource_rf_leq_nin_ap_fixed_ap_fixed_38_20_5_3_0_config8_s      |       34|       35|   0.340 us|   0.350 us|   32|   32|  loop rewind stp (delay=0 clock cycles(s))|
        |grp_sigmoid_ap_fixed_38_20_5_3_0_ap_fixed_24_10_5_3_0_sigmoid_config9_s_fu_199    |sigmoid_ap_fixed_38_20_5_3_0_ap_fixed_24_10_5_3_0_sigmoid_config9_s    |        3|        3|  30.000 ns|  30.000 ns|    1|    1|                                        yes|
        |grp_dense_resource_rf_leq_nin_ap_fixed_ap_fixed_38_20_5_3_0_config10_s_fu_206     |dense_resource_rf_leq_nin_ap_fixed_ap_fixed_38_20_5_3_0_config10_s     |       34|       35|   0.340 us|   0.350 us|   32|   32|  loop rewind stp (delay=0 clock cycles(s))|
        +----------------------------------------------------------------------------------+-----------------------------------------------------------------------+---------+---------+-----------+-----------+-----+-----+-------------------------------------------+

        * Loop: 
        N/A



================================================================
== Utilization Estimates
================================================================
* Summary: 
+-----------------+---------+----+-------+-------+-----+
|       Name      | BRAM_18K| DSP|   FF  |  LUT  | URAM|
+-----------------+---------+----+-------+-------+-----+
|DSP              |        -|   -|      -|      -|    -|
|Expression       |        -|   -|      -|      -|    -|
|FIFO             |        -|   -|    693|    476|    -|
|Instance         |       14|  18|  13464|  18222|    -|
|Memory           |        -|   -|      -|      -|    -|
|Multiplexer      |        -|   -|      0|    223|    -|
|Register         |        -|   -|     27|      -|    -|
+-----------------+---------+----+-------+-------+-----+
|Total            |       14|  18|  14184|  18921|    0|
+-----------------+---------+----+-------+-------+-----+
|Available        |      100|  90|  41600|  20800|    0|
+-----------------+---------+----+-------+-------+-----+
|Utilization (%)  |       14|  20|     34|     90|    0|
+-----------------+---------+----+-------+-------+-----+

+ Detail: 
    * Instance: 
    +----------------------------------------------------------------------------------+-----------------------------------------------------------------------+---------+----+------+------+-----+
    |                                     Instance                                     |                                 Module                                | BRAM_18K| DSP|  FF  |  LUT | URAM|
    +----------------------------------------------------------------------------------+-----------------------------------------------------------------------+---------+----+------+------+-----+
    |grp_dense_resource_rf_gt_nin_rem0_ap_fixed_ap_fixed_24_10_5_3_0_config2_s_fu_142  |dense_resource_rf_gt_nin_rem0_ap_fixed_ap_fixed_24_10_5_3_0_config2_s  |        4|  16|  7282|  9659|    0|
    |grp_dense_resource_rf_gt_nin_rem0_ap_fixed_ap_fixed_24_10_5_3_0_config4_s_fu_159  |dense_resource_rf_gt_nin_rem0_ap_fixed_ap_fixed_24_10_5_3_0_config4_s  |        5|   0|  3850|  5119|    0|
    |grp_dense_resource_rf_gt_nin_rem0_ap_fixed_ap_fixed_24_10_5_3_0_config6_s_fu_175  |dense_resource_rf_gt_nin_rem0_ap_fixed_ap_fixed_24_10_5_3_0_config6_s  |        2|   0|  1864|  2484|    0|
    |grp_dense_resource_rf_leq_nin_ap_fixed_ap_fixed_38_20_5_3_0_config10_s_fu_206     |dense_resource_rf_leq_nin_ap_fixed_ap_fixed_38_20_5_3_0_config10_s     |        1|   1|   170|   181|    0|
    |grp_dense_resource_rf_leq_nin_ap_fixed_ap_fixed_38_20_5_3_0_config8_s_fu_191      |dense_resource_rf_leq_nin_ap_fixed_ap_fixed_38_20_5_3_0_config8_s      |        1|   1|   143|   182|    0|
    |grp_myproject_Pipeline_VITIS_LOOP_46_1_fu_153                                     |myproject_Pipeline_VITIS_LOOP_46_1                                     |        0|   0|    21|   128|    0|
    |grp_myproject_Pipeline_VITIS_LOOP_46_11_fu_169                                    |myproject_Pipeline_VITIS_LOOP_46_11                                    |        0|   0|    20|   126|    0|
    |grp_myproject_Pipeline_VITIS_LOOP_46_12_fu_185                                    |myproject_Pipeline_VITIS_LOOP_46_12                                    |        0|   0|    19|   125|    0|
    |grp_sigmoid_ap_fixed_38_20_5_3_0_ap_fixed_24_10_5_3_0_sigmoid_config9_s_fu_199    |sigmoid_ap_fixed_38_20_5_3_0_ap_fixed_24_10_5_3_0_sigmoid_config9_s    |        1|   0|    95|   218|    0|
    +----------------------------------------------------------------------------------+-----------------------------------------------------------------------+---------+----+------+------+-----+
    |Total                                                                             |                                                                       |       14|  18| 13464| 18222|    0|
    +----------------------------------------------------------------------------------+-----------------------------------------------------------------------+---------+----+------+------+-----+

    * DSP: 
    N/A

    * Memory: 
    N/A

    * FIFO: 
    +-------------------+---------+----+----+-----+------+-----+---------+
    |        Name       | BRAM_18K| FF | LUT| URAM| Depth| Bits| Size:D*B|
    +-------------------+---------+----+----+-----+------+-----+---------+
    |layer2_out_fifo_U  |        0|  99|   0|    -|     2|   24|       48|
    |layer3_out_fifo_U  |        0|  99|   0|    -|     2|    8|       16|
    |layer4_out_fifo_U  |        0|  99|   0|    -|     2|   24|       48|
    |layer5_out_fifo_U  |        0|  99|   0|    -|     2|    8|       16|
    |layer6_out_fifo_U  |        0|  99|   0|    -|     2|   24|       48|
    |layer7_out_fifo_U  |        0|  99|   0|    -|     2|    8|       16|
    |layer8_out_fifo_U  |        0|  99|   0|    -|     2|   38|       76|
    +-------------------+---------+----+----+-----+------+-----+---------+
    |Total              |        0| 693|   0|    0|    14|  134|      268|
    +-------------------+---------+----+----+-----+------+-----+---------+

    * Expression: 
    N/A

    * Multiplexer: 
    +------------------+----+-----------+-----+-----------+
    |       Name       | LUT| Input Size| Bits| Total Bits|
    +------------------+----+-----------+-----+-----------+
    |ap_NS_fsm         |  93|         19|    1|         19|
    |layer2_out_read   |   9|          2|    1|          2|
    |layer2_out_write  |   9|          2|    1|          2|
    |layer3_out_read   |   9|          2|    1|          2|
    |layer3_out_write  |   9|          2|    1|          2|
    |layer4_out_read   |   9|          2|    1|          2|
    |layer4_out_write  |   9|          2|    1|          2|
    |layer5_out_read   |   9|          2|    1|          2|
    |layer5_out_write  |   9|          2|    1|          2|
    |layer6_out_read   |   9|          2|    1|          2|
    |layer6_out_write  |   9|          2|    1|          2|
    |layer7_out_read   |  13|          3|    1|          3|
    |layer7_out_write  |   9|          2|    1|          2|
    |layer8_out_read   |   9|          2|    1|          2|
    |layer8_out_write  |   9|          2|    1|          2|
    +------------------+----+-----------+-----+-----------+
    |Total             | 223|         48|   15|         48|
    +------------------+----+-----------+-----+-----------+

    * Register: 
    +-----------------------------------------------------------------------------------------------+----+----+-----+-----------+
    |                                              Name                                             | FF | LUT| Bits| Const Bits|
    +-----------------------------------------------------------------------------------------------+----+----+-----+-----------+
    |ap_CS_fsm                                                                                      |  18|   0|   18|          0|
    |grp_dense_resource_rf_gt_nin_rem0_ap_fixed_ap_fixed_24_10_5_3_0_config2_s_fu_142_ap_start_reg  |   1|   0|    1|          0|
    |grp_dense_resource_rf_gt_nin_rem0_ap_fixed_ap_fixed_24_10_5_3_0_config4_s_fu_159_ap_start_reg  |   1|   0|    1|          0|
    |grp_dense_resource_rf_gt_nin_rem0_ap_fixed_ap_fixed_24_10_5_3_0_config6_s_fu_175_ap_start_reg  |   1|   0|    1|          0|
    |grp_dense_resource_rf_leq_nin_ap_fixed_ap_fixed_38_20_5_3_0_config10_s_fu_206_ap_start_reg     |   1|   0|    1|          0|
    |grp_dense_resource_rf_leq_nin_ap_fixed_ap_fixed_38_20_5_3_0_config8_s_fu_191_ap_start_reg      |   1|   0|    1|          0|
    |grp_myproject_Pipeline_VITIS_LOOP_46_11_fu_169_ap_start_reg                                    |   1|   0|    1|          0|
    |grp_myproject_Pipeline_VITIS_LOOP_46_12_fu_185_ap_start_reg                                    |   1|   0|    1|          0|
    |grp_myproject_Pipeline_VITIS_LOOP_46_1_fu_153_ap_start_reg                                     |   1|   0|    1|          0|
    |grp_sigmoid_ap_fixed_38_20_5_3_0_ap_fixed_24_10_5_3_0_sigmoid_config9_s_fu_199_ap_start_reg    |   1|   0|    1|          0|
    +-----------------------------------------------------------------------------------------------+----+----+-----+-----------+
    |Total                                                                                          |  27|   0|   27|          0|
    +-----------------------------------------------------------------------------------------------+----+----+-----+-----------+



================================================================
== Interface
================================================================
* Summary: 
+--------------------+-----+-----+------------+--------------+--------------+
|      RTL Ports     | Dir | Bits|  Protocol  | Source Object|    C Type    |
+--------------------+-----+-----+------------+--------------+--------------+
|ap_clk              |   in|    1|  ap_ctrl_hs|     myproject|  return value|
|ap_rst              |   in|    1|  ap_ctrl_hs|     myproject|  return value|
|ap_start            |   in|    1|  ap_ctrl_hs|     myproject|  return value|
|ap_done             |  out|    1|  ap_ctrl_hs|     myproject|  return value|
|ap_idle             |  out|    1|  ap_ctrl_hs|     myproject|  return value|
|ap_ready            |  out|    1|  ap_ctrl_hs|     myproject|  return value|
|features_address0   |  out|    5|   ap_memory|      features|         array|
|features_ce0        |  out|    1|   ap_memory|      features|         array|
|features_q0         |   in|   24|   ap_memory|      features|         array|
|layer9_out          |  out|   24|      ap_vld|    layer9_out|       pointer|
|layer9_out_ap_vld   |  out|    1|      ap_vld|    layer9_out|       pointer|
|layer10_out         |  out|   38|      ap_vld|   layer10_out|       pointer|
|layer10_out_ap_vld  |  out|    1|      ap_vld|   layer10_out|       pointer|
+--------------------+-----+-----+------------+--------------+--------------+

